Archive member included because of file (symbol)

d:/program files (x86)/atmel/atmel studio 6.0/extensions/atmel/avrgcc/3.3.2.31/avrtoolchain/bin/../lib/gcc/avr/4.5.1/avrtiny10\libgcc.a(_exit.o)
                              d:/program files (x86)/atmel/atmel studio 6.0/extensions/atmel/avrgcc/3.3.2.31/avrtoolchain/bin/../lib/gcc/avr/4.5.1/../../../../avr/lib/avrtiny10/crttn10.o (exit)
d:/program files (x86)/atmel/atmel studio 6.0/extensions/atmel/avrgcc/3.3.2.31/avrtoolchain/bin/../lib/gcc/avr/4.5.1/avrtiny10\libgcc.a(_clear_bss.o)
                              GccApplication7.o (__do_clear_bss)

Allocating common symbols
Common symbol       size              file

led                 0x4               GccApplication7.o

Memory Configuration

Name             Origin             Length             Attributes
text             0x00000000         0x00001000         xr
data             0x00800040         0x00000100         rw !x
lock             0x00003f00         0x00000002         rw !x
signature        0x00003fc0         0x00000004         rw !x
*default*        0x00000000         0xffffffff

Linker script and memory map

LOAD d:/program files (x86)/atmel/atmel studio 6.0/extensions/atmel/avrgcc/3.3.2.31/avrtoolchain/bin/../lib/gcc/avr/4.5.1/../../../../avr/lib/avrtiny10/crttn10.o
LOAD GccApplication7.o
LOAD light_ws2812.o
START GROUP
LOAD d:/program files (x86)/atmel/atmel studio 6.0/extensions/atmel/avrgcc/3.3.2.31/avrtoolchain/bin/../lib/gcc/avr/4.5.1/../../../../avr/lib/avrtiny10\libm.a
END GROUP
LOAD d:/program files (x86)/atmel/atmel studio 6.0/extensions/atmel/avrgcc/3.3.2.31/avrtoolchain/bin/../lib/gcc/avr/4.5.1/avrtiny10\libgcc.a
LOAD d:/program files (x86)/atmel/atmel studio 6.0/extensions/atmel/avrgcc/3.3.2.31/avrtoolchain/bin/../lib/gcc/avr/4.5.1/../../../../avr/lib/avrtiny10\libc.a
LOAD d:/program files (x86)/atmel/atmel studio 6.0/extensions/atmel/avrgcc/3.3.2.31/avrtoolchain/bin/../lib/gcc/avr/4.5.1/avrtiny10\libgcc.a

.hash
 *(.hash)

.dynsym
 *(.dynsym)

.dynstr
 *(.dynstr)

.gnu.version
 *(.gnu.version)

.gnu.version_d
 *(.gnu.version_d)

.gnu.version_r
 *(.gnu.version_r)

.rel.init
 *(.rel.init)

.rela.init
 *(.rela.init)

.rel.text
 *(.rel.text)
 *(.rel.text.*)
 *(.rel.gnu.linkonce.t*)

.rela.text
 *(.rela.text)
 *(.rela.text.*)
 *(.rela.gnu.linkonce.t*)

.rel.fini
 *(.rel.fini)

.rela.fini
 *(.rela.fini)

.rel.rodata
 *(.rel.rodata)
 *(.rel.rodata.*)
 *(.rel.gnu.linkonce.r*)

.rela.rodata
 *(.rela.rodata)
 *(.rela.rodata.*)
 *(.rela.gnu.linkonce.r*)

.rel.data
 *(.rel.data)
 *(.rel.data.*)
 *(.rel.gnu.linkonce.d*)

.rela.data
 *(.rela.data)
 *(.rela.data.*)
 *(.rela.gnu.linkonce.d*)

.rel.ctors
 *(.rel.ctors)

.rela.ctors
 *(.rela.ctors)

.rel.dtors
 *(.rel.dtors)

.rela.dtors
 *(.rela.dtors)

.rel.got
 *(.rel.got)

.rela.got
 *(.rela.got)

.rel.bss
 *(.rel.bss)

.rela.bss
 *(.rela.bss)

.rel.plt
 *(.rel.plt)

.rela.plt
 *(.rela.plt)

.text           0x00000000      0x298
 *(.vectors)
 .vectors       0x00000000       0x16 d:/program files (x86)/atmel/atmel studio 6.0/extensions/atmel/avrgcc/3.3.2.31/avrtoolchain/bin/../lib/gcc/avr/4.5.1/../../../../avr/lib/avrtiny10/crttn10.o
                0x00000000                __vector_default
                0x00000000                __vectors
 *(.vectors)
 *(.progmem.gcc*)
 *(.progmem*)
                0x00000016                . = ALIGN (0x2)
                0x00000016                __trampolines_start = .
 *(.trampolines)
 .trampolines   0x00000016        0x0 linker stubs
 *(.trampolines*)
                0x00000016                __trampolines_end = .
 *(.jumptables)
 *(.jumptables*)
 *(.lowtext)
 *(.lowtext*)
                0x00000016                __ctors_start = .
 *(.ctors)
                0x00000016                __ctors_end = .
                0x00000016                __dtors_start = .
 *(.dtors)
                0x00000016                __dtors_end = .
 SORT(*)(.ctors)
 SORT(*)(.dtors)
 *(.init0)
 .init0         0x00000016        0x0 d:/program files (x86)/atmel/atmel studio 6.0/extensions/atmel/avrgcc/3.3.2.31/avrtoolchain/bin/../lib/gcc/avr/4.5.1/../../../../avr/lib/avrtiny10/crttn10.o
                0x00000016                __init
 *(.init0)
 *(.init1)
 *(.init1)
 *(.init2)
 .init2         0x00000016        0xc d:/program files (x86)/atmel/atmel studio 6.0/extensions/atmel/avrgcc/3.3.2.31/avrtoolchain/bin/../lib/gcc/avr/4.5.1/../../../../avr/lib/avrtiny10/crttn10.o
 *(.init2)
 *(.init3)
 *(.init3)
 *(.init4)
 .init4         0x00000022       0x10 d:/program files (x86)/atmel/atmel studio 6.0/extensions/atmel/avrgcc/3.3.2.31/avrtoolchain/bin/../lib/gcc/avr/4.5.1/avrtiny10\libgcc.a(_clear_bss.o)
                0x00000022                __do_clear_bss
 *(.init4)
 *(.init5)
 *(.init5)
 *(.init6)
 *(.init6)
 *(.init7)
 *(.init7)
 *(.init8)
 *(.init8)
 *(.init9)
 .init9         0x00000032        0x4 d:/program files (x86)/atmel/atmel studio 6.0/extensions/atmel/avrgcc/3.3.2.31/avrtoolchain/bin/../lib/gcc/avr/4.5.1/../../../../avr/lib/avrtiny10/crttn10.o
 *(.init9)
 *(.text)
 .text          0x00000036        0x2 d:/program files (x86)/atmel/atmel studio 6.0/extensions/atmel/avrgcc/3.3.2.31/avrtoolchain/bin/../lib/gcc/avr/4.5.1/../../../../avr/lib/avrtiny10/crttn10.o
                0x00000036                __vector_1
                0x00000036                __bad_interrupt
                0x00000036                __vector_6
                0x00000036                __vector_3
                0x00000036                __vector_7
                0x00000036                __vector_5
                0x00000036                __vector_4
                0x00000036                __vector_9
                0x00000036                __vector_2
                0x00000036                __vector_8
                0x00000036                __vector_10
 .text          0x00000038       0xdc GccApplication7.o
                0x00000038                main
 .text          0x00000114      0x180 light_ws2812.o
                0x00000114                ws2812_setleds
                0x00000160                ws2812_setleds_pin
                0x000001c0                ws2812_setleds_rgbw
                0x00000208                ws2812_sendarray
                0x00000244                ws2812_sendarray_mask
 .text          0x00000294        0x0 d:/program files (x86)/atmel/atmel studio 6.0/extensions/atmel/avrgcc/3.3.2.31/avrtoolchain/bin/../lib/gcc/avr/4.5.1/avrtiny10\libgcc.a(_exit.o)
 .text          0x00000294        0x0 d:/program files (x86)/atmel/atmel studio 6.0/extensions/atmel/avrgcc/3.3.2.31/avrtoolchain/bin/../lib/gcc/avr/4.5.1/avrtiny10\libgcc.a(_clear_bss.o)
                0x00000294                . = ALIGN (0x2)
 *(.text.*)
 .text.libgcc   0x00000294        0x0 d:/program files (x86)/atmel/atmel studio 6.0/extensions/atmel/avrgcc/3.3.2.31/avrtoolchain/bin/../lib/gcc/avr/4.5.1/avrtiny10\libgcc.a(_exit.o)
 .text.libgcc   0x00000294        0x0 d:/program files (x86)/atmel/atmel studio 6.0/extensions/atmel/avrgcc/3.3.2.31/avrtoolchain/bin/../lib/gcc/avr/4.5.1/avrtiny10\libgcc.a(_clear_bss.o)
                0x00000294                . = ALIGN (0x2)
 *(.fini9)
 .fini9         0x00000294        0x0 d:/program files (x86)/atmel/atmel studio 6.0/extensions/atmel/avrgcc/3.3.2.31/avrtoolchain/bin/../lib/gcc/avr/4.5.1/avrtiny10\libgcc.a(_exit.o)
                0x00000294                _exit
                0x00000294                exit
 *(.fini9)
 *(.fini8)
 *(.fini8)
 *(.fini7)
 *(.fini7)
 *(.fini6)
 *(.fini6)
 *(.fini5)
 *(.fini5)
 *(.fini4)
 *(.fini4)
 *(.fini3)
 *(.fini3)
 *(.fini2)
 *(.fini2)
 *(.fini1)
 *(.fini1)
 *(.fini0)
 .fini0         0x00000294        0x4 d:/program files (x86)/atmel/atmel studio 6.0/extensions/atmel/avrgcc/3.3.2.31/avrtoolchain/bin/../lib/gcc/avr/4.5.1/avrtiny10\libgcc.a(_exit.o)
 *(.fini0)
                0x00000298                _etext = .

.data           0x00800040        0x0 load address 0x00000298
                0x00800040                PROVIDE (__data_start, .)
 *(.data)
 .data          0x00800040        0x0 d:/program files (x86)/atmel/atmel studio 6.0/extensions/atmel/avrgcc/3.3.2.31/avrtoolchain/bin/../lib/gcc/avr/4.5.1/../../../../avr/lib/avrtiny10/crttn10.o
 .data          0x00800040        0x0 GccApplication7.o
 .data          0x00800040        0x0 light_ws2812.o
 .data          0x00800040        0x0 d:/program files (x86)/atmel/atmel studio 6.0/extensions/atmel/avrgcc/3.3.2.31/avrtoolchain/bin/../lib/gcc/avr/4.5.1/avrtiny10\libgcc.a(_exit.o)
 .data          0x00800040        0x0 d:/program files (x86)/atmel/atmel studio 6.0/extensions/atmel/avrgcc/3.3.2.31/avrtoolchain/bin/../lib/gcc/avr/4.5.1/avrtiny10\libgcc.a(_clear_bss.o)
 *(.data*)
 *(.rodata)
 *(.rodata*)
 *(.gnu.linkonce.d*)
                0x00800040                . = ALIGN (0x2)
                0x00800040                _edata = .
                0x00800040                PROVIDE (__data_end, .)

.bss            0x00800040        0x4
                0x00800040                PROVIDE (__bss_start, .)
 *(.bss)
 .bss           0x00800040        0x0 d:/program files (x86)/atmel/atmel studio 6.0/extensions/atmel/avrgcc/3.3.2.31/avrtoolchain/bin/../lib/gcc/avr/4.5.1/../../../../avr/lib/avrtiny10/crttn10.o
 .bss           0x00800040        0x0 GccApplication7.o
 .bss           0x00800040        0x0 light_ws2812.o
 .bss           0x00800040        0x0 d:/program files (x86)/atmel/atmel studio 6.0/extensions/atmel/avrgcc/3.3.2.31/avrtoolchain/bin/../lib/gcc/avr/4.5.1/avrtiny10\libgcc.a(_exit.o)
 .bss           0x00800040        0x0 d:/program files (x86)/atmel/atmel studio 6.0/extensions/atmel/avrgcc/3.3.2.31/avrtoolchain/bin/../lib/gcc/avr/4.5.1/avrtiny10\libgcc.a(_clear_bss.o)
 *(.bss*)
 *(COMMON)
 COMMON         0x00800040        0x4 GccApplication7.o
                0x00800040                led
                0x00800044                PROVIDE (__bss_end, .)
                0x00000298                __data_load_start = LOADADDR (.data)
                0x00000298                __data_load_end = (__data_load_start + SIZEOF (.data))

.noinit         0x00800044        0x0
                0x00800044                PROVIDE (__noinit_start, .)
 *(.noinit*)
                0x00800044                PROVIDE (__noinit_end, .)
                0x00800044                _end = .
                0x00800044                PROVIDE (__heap_start, .)

.lock
 *(.lock*)

.signature
 *(.signature*)

.stab           0x00000000      0x6cc
 *(.stab)
 .stab          0x00000000      0x6cc d:/program files (x86)/atmel/atmel studio 6.0/extensions/atmel/avrgcc/3.3.2.31/avrtoolchain/bin/../lib/gcc/avr/4.5.1/../../../../avr/lib/avrtiny10/crttn10.o

.stabstr        0x00000000       0x97
 *(.stabstr)
 .stabstr       0x00000000       0x97 d:/program files (x86)/atmel/atmel studio 6.0/extensions/atmel/avrgcc/3.3.2.31/avrtoolchain/bin/../lib/gcc/avr/4.5.1/../../../../avr/lib/avrtiny10/crttn10.o

.stab.excl
 *(.stab.excl)

.stab.exclstr
 *(.stab.exclstr)

.stab.index
 *(.stab.index)

.stab.indexstr
 *(.stab.indexstr)

.comment
 *(.comment)

.debug
 *(.debug)

.line
 *(.line)

.debug_srcinfo
 *(.debug_srcinfo)

.debug_sfnames
 *(.debug_sfnames)

.debug_aranges  0x00000000       0x40
 *(.debug_aranges)
 .debug_aranges
                0x00000000       0x20 GccApplication7.o
 .debug_aranges
                0x00000020       0x20 light_ws2812.o

.debug_pubnames
                0x00000000       0xa6
 *(.debug_pubnames)
 .debug_pubnames
                0x00000000       0x23 GccApplication7.o
 .debug_pubnames
                0x00000023       0x83 light_ws2812.o

.debug_info     0x00000000      0x7ce
 *(.debug_info)
 .debug_info    0x00000000      0x286 GccApplication7.o
 .debug_info    0x00000286      0x548 light_ws2812.o
 *(.gnu.linkonce.wi.*)

.debug_abbrev   0x00000000      0x2fd
 *(.debug_abbrev)
 .debug_abbrev  0x00000000      0x15a GccApplication7.o
 .debug_abbrev  0x0000015a      0x1a3 light_ws2812.o

.debug_line     0x00000000      0x643
 *(.debug_line)
 .debug_line    0x00000000      0x24a GccApplication7.o
 .debug_line    0x0000024a      0x3f9 light_ws2812.o

.debug_frame    0x00000000       0x80
 *(.debug_frame)
 .debug_frame   0x00000000       0x20 GccApplication7.o
 .debug_frame   0x00000020       0x60 light_ws2812.o

.debug_str      0x00000000      0x1dd
 *(.debug_str)
 .debug_str     0x00000000      0x11b GccApplication7.o
                                0x14f (size before relaxing)
 .debug_str     0x0000011b       0xc2 light_ws2812.o
                                0x1eb (size before relaxing)

.debug_loc      0x00000000      0x3a1
 *(.debug_loc)
 .debug_loc     0x00000000      0x3a1 light_ws2812.o

.debug_macinfo
 *(.debug_macinfo)
OUTPUT(GccApplication7.elf elf32-avr)
LOAD linker stubs

.debug_pubtypes
                0x00000000       0x8d
 .debug_pubtypes
                0x00000000       0x42 GccApplication7.o
 .debug_pubtypes
                0x00000042       0x4b light_ws2812.o

.debug_ranges   0x00000000       0x90
 .debug_ranges  0x00000000       0x90 light_ws2812.o
